23:23:42 run 1/40 ours: pushed 4472b59f
23:32:08 run 1 ours: build #109872, 13 lanes saved
23:32:12 run 2/40 stock: pushed 23f97c59
23:40:39 run 2 stock: build #109877, 13 lanes saved
23:40:43 run 3/40 ours: pushed be84d142
23:49:09 run 3 ours: build #109882, 13 lanes saved
23:49:13 run 4/40 stock: pushed 2f6c53ae
23:57:39 run 4 stock: build #109886, 13 lanes saved
23:57:43 run 5/40 ours: pushed 472bc1a5
00:05:10 run 5 ours: build #109890, 13 lanes saved
00:05:13 run 6/40 stock: pushed 990d07d0
00:13:40 run 6 stock: build #109893, 13 lanes saved
00:13:44 run 7/40 ours: pushed ee1846c8
00:21:10 run 7 ours: build #109895, 13 lanes saved
00:21:14 run 8/40 stock: pushed cbe1197f
00:29:40 run 8 stock: build #109896, 13 lanes saved
00:29:44 run 9/40 ours: pushed 2b49b5c5
00:38:10 run 9 ours: build #109899, 13 lanes saved
00:38:14 run 10/40 stock: pushed cf96a51e
00:46:43 run 10 stock: build #109901, 13 lanes saved
00:46:46 run 11/40 ours: pushed 1b275873
00:55:13 run 11 ours: build #109902, 13 lanes saved
00:55:17 run 12/40 stock: pushed 711d2f21
01:03:43 run 12 stock: build #109905, 13 lanes saved
01:03:47 run 13/40 ours: pushed 24bec133
01:11:13 run 13 ours: build #109906, 13 lanes saved
01:11:17 run 14/40 stock: pushed eed48e9e
01:19:44 run 14 stock: build #109908, 13 lanes saved
01:19:48 run 15/40 ours: pushed c8642a88
01:27:14 run 15 ours: build #109910, 13 lanes saved
01:27:17 run 16/40 stock: pushed a295d7f1
01:35:44 run 16 stock: build #109920, 13 lanes saved
01:35:48 run 17/40 ours: pushed 8e2c94fd
01:44:14 run 17 ours: build #109924, 13 lanes saved
01:44:18 run 18/40 stock: pushed 72d8b37e
01:53:45 run 18 stock: build #109927, 13 lanes saved
01:53:49 run 19/40 ours: pushed 3c4b40b3
02:01:35 run 19 ours: build #109930, 13 lanes saved
02:01:39 run 20/40 stock: pushed 9d8ab09a
02:09:05 run 20 stock: build #109931, 13 lanes saved
02:09:10 run 21/40 ours: pushed 68ca2d09
02:16:36 run 21 ours: build #109932, 13 lanes saved
02:16:40 run 22/40 stock: pushed 667da096
02:25:07 run 22 stock: build #109934, 13 lanes saved
02:25:11 run 23/40 ours: pushed a57ab959
02:32:36 run 23 ours: build #109937, 13 lanes saved
02:32:40 run 24/40 stock: pushed 645c272c
02:41:07 run 24 stock: build #109941, 13 lanes saved
02:41:11 run 25/40 ours: pushed c231b823
02:48:37 run 25 ours: build #109946, 13 lanes saved
02:48:40 run 26/40 stock: pushed 0e967b81
02:57:06 run 26 stock: build #109950, 13 lanes saved
02:57:10 run 27/40 ours: pushed 164bea92
03:04:36 run 27 ours: build #109953, 13 lanes saved
03:04:39 run 28/40 stock: pushed 99704109
03:12:05 run 28 stock: build #109957, 13 lanes saved
03:12:09 run 29/40 ours: pushed 2b0d28c6
03:20:36 run 29 ours: build #109961, 13 lanes saved
03:20:41 run 30/40 stock: pushed 3940c6f7
03:29:07 run 30 stock: build #109964, 13 lanes saved
03:29:11 run 31/40 ours: pushed baadd9cc
03:36:36 run 31 ours: build #109965, 13 lanes saved
03:36:40 run 32/40 stock: pushed 281daa8f
03:45:06 run 32 stock: build #109967, 13 lanes saved
03:45:11 run 33/40 ours: pushed af36edc6
03:52:37 run 33 ours: build #109969, 13 lanes saved
03:52:41 run 34/40 stock: pushed b48bf310
04:01:07 run 34 stock: build #109973, 13 lanes saved
04:01:11 run 35/40 ours: pushed ccfafb80
04:08:37 run 35 ours: build #109975, 13 lanes saved
04:08:42 run 36/40 stock: pushed 11c63bcd
04:17:08 run 36 stock: build #109985, 13 lanes saved
04:17:12 run 37/40 ours: pushed 3659e690
04:24:39 run 37 ours: build #109996, 13 lanes saved
04:24:43 run 38/40 stock: pushed 0cfa1bd7
04:34:11 run 38 stock: build #110005, 13 lanes saved
04:34:16 run 39/40 ours: pushed 050c3c93
04:41:42 run 39 ours: build #110012, 13 lanes saved
04:41:45 run 40/40 stock: pushed b5797712
04:50:13 run 40 stock: build #110014, 13 lanes saved
04:50:13 all runs done
