03:45:19 run 1/40 ours: pushed 2d866190
03:53:46 run 1 ours: build #109200, 13 lanes saved
03:53:46 cancel #109200: https://api.buildkite.com/v2/organizations/bun/pipelines/bun/builds/109200/cancel: 403 {"message":"Your access token doesn't have the write_builds scope"}

03:53:50 run 2/40 stock: pushed 0ac3dad9
04:02:16 run 2 stock: build #109208, 13 lanes saved
04:02:17 cancel #109208: https://api.buildkite.com/v2/organizations/bun/pipelines/bun/builds/109208/cancel: 403 {"message":"Your access token doesn't have the write_builds scope"}

04:02:20 run 3/40 ours: pushed fe86ea31
04:10:47 run 3 ours: build #109211, 13 lanes saved
04:10:47 cancel #109211: https://api.buildkite.com/v2/organizations/bun/pipelines/bun/builds/109211/cancel: 403 {"message":"Your access token doesn't have the write_builds scope"}

04:10:51 run 4/40 stock: pushed 3e623c09
04:19:17 run 4 stock: build #109212, 13 lanes saved
04:19:17 cancel #109212: https://api.buildkite.com/v2/organizations/bun/pipelines/bun/builds/109212/cancel: 403 {"message":"Your access token doesn't have the write_builds scope"}

04:19:21 run 5/40 ours: pushed c9d5a783
04:27:47 run 5 ours: build #109214, 13 lanes saved
04:27:47 cancel #109214: https://api.buildkite.com/v2/organizations/bun/pipelines/bun/builds/109214/cancel: 403 {"message":"Your access token doesn't have the write_builds scope"}

04:27:51 run 6/40 stock: pushed ccaa55d3
04:35:17 run 6 stock: build #109220, 13 lanes saved
04:35:17 cancel #109220: https://api.buildkite.com/v2/organizations/bun/pipelines/bun/builds/109220/cancel: 403 {"message":"Your access token doesn't have the write_builds scope"}

04:35:21 run 7/40 ours: pushed 550e32d4
04:43:49 run 7 ours: build #109223, 13 lanes saved
04:43:49 cancel #109223: https://api.buildkite.com/v2/organizations/bun/pipelines/bun/builds/109223/cancel: 403 {"message":"Your access token doesn't have the write_builds scope"}

04:43:54 run 8/40 stock: pushed 2e9d1b8a
04:52:20 run 8 stock: build #109225, 13 lanes saved
04:52:20 cancel #109225: https://api.buildkite.com/v2/organizations/bun/pipelines/bun/builds/109225/cancel: 403 {"message":"Your access token doesn't have the write_builds scope"}

04:52:24 run 9/40 ours: pushed 3fe7374a
04:59:50 run 9 ours: build #109227, 13 lanes saved
04:59:50 cancel #109227: https://api.buildkite.com/v2/organizations/bun/pipelines/bun/builds/109227/cancel: 403 {"message":"Your access token doesn't have the write_builds scope"}

04:59:54 run 10/40 stock: pushed 612b10fb
05:08:20 run 10 stock: build #109232, 13 lanes saved
05:08:21 cancel #109232: https://api.buildkite.com/v2/organizations/bun/pipelines/bun/builds/109232/cancel: 403 {"message":"Your access token doesn't have the write_builds scope"}

05:08:25 run 11/40 ours: pushed 99268da5
05:16:51 run 11 ours: build #109233, 13 lanes saved
05:16:51 cancel #109233: https://api.buildkite.com/v2/organizations/bun/pipelines/bun/builds/109233/cancel: 403 {"message":"Your access token doesn't have the write_builds scope"}

05:16:55 run 12/40 stock: pushed 066461da
05:25:21 run 12 stock: build #109235, 13 lanes saved
05:25:21 cancel #109235: https://api.buildkite.com/v2/organizations/bun/pipelines/bun/builds/109235/cancel: 403 {"message":"Your access token doesn't have the write_builds scope"}

05:25:25 run 13/40 ours: pushed ce8c4fb6
05:33:51 run 13 ours: build #109239, 13 lanes saved
05:33:52 cancel #109239: https://api.buildkite.com/v2/organizations/bun/pipelines/bun/builds/109239/cancel: 403 {"message":"Your access token doesn't have the write_builds scope"}

05:33:55 run 14/40 stock: pushed 5bcf72c5
05:42:22 run 14 stock: build #109243, 13 lanes saved
05:42:22 cancel #109243: https://api.buildkite.com/v2/organizations/bun/pipelines/bun/builds/109243/cancel: 403 {"message":"Your access token doesn't have the write_builds scope"}

05:42:26 run 15/40 ours: pushed 0833a5cd
05:49:52 run 15 ours: build #109245, 13 lanes saved
05:49:52 cancel #109245: https://api.buildkite.com/v2/organizations/bun/pipelines/bun/builds/109245/cancel: 403 {"message":"Your access token doesn't have the write_builds scope"}

05:49:55 run 16/40 stock: pushed eee539aa
05:58:22 run 16 stock: build #109248, 13 lanes saved
05:58:22 cancel #109248: https://api.buildkite.com/v2/organizations/bun/pipelines/bun/builds/109248/cancel: 403 {"message":"Your access token doesn't have the write_builds scope"}

05:58:26 run 17/40 ours: pushed f936aefd
06:05:51 run 17 ours: build #109252, 13 lanes saved
06:05:51 cancel #109252: https://api.buildkite.com/v2/organizations/bun/pipelines/bun/builds/109252/cancel: 403 {"message":"Your access token doesn't have the write_builds scope"}

06:05:56 run 18/40 stock: pushed 4ef3ea2e
06:14:23 run 18 stock: build #109254, 13 lanes saved
06:14:23 cancel #109254: https://api.buildkite.com/v2/organizations/bun/pipelines/bun/builds/109254/cancel: 403 {"message":"Your access token doesn't have the write_builds scope"}

06:14:27 run 19/40 ours: pushed 0b112b7b
06:22:54 run 19 ours: build #109260, 13 lanes saved
06:22:54 cancel #109260: https://api.buildkite.com/v2/organizations/bun/pipelines/bun/builds/109260/cancel: 403 {"message":"Your access token doesn't have the write_builds scope"}

06:22:59 run 20/40 stock: pushed 8aa88f84
06:31:25 run 20 stock: build #109268, 13 lanes saved
06:31:25 cancel #109268: https://api.buildkite.com/v2/organizations/bun/pipelines/bun/builds/109268/cancel: 403 {"message":"Your access token doesn't have the write_builds scope"}

06:31:29 run 21/40 ours: pushed 1bad421d
06:39:55 run 21 ours: build #109270, 13 lanes saved
06:39:55 cancel #109270: https://api.buildkite.com/v2/organizations/bun/pipelines/bun/builds/109270/cancel: 403 {"message":"Your access token doesn't have the write_builds scope"}

06:39:58 run 22/40 stock: pushed 2ebc8890
06:48:24 run 22 stock: build #109272, 13 lanes saved
06:48:25 cancel #109272: https://api.buildkite.com/v2/organizations/bun/pipelines/bun/builds/109272/cancel: 403 {"message":"Your access token doesn't have the write_builds scope"}

06:48:29 run 23/40 ours: pushed c313cd67
06:55:55 run 23 ours: build #109277, 13 lanes saved
06:55:55 cancel #109277: https://api.buildkite.com/v2/organizations/bun/pipelines/bun/builds/109277/cancel: 403 {"message":"Your access token doesn't have the write_builds scope"}

06:56:00 run 24/40 stock: pushed d83c4b6c
07:04:26 run 24 stock: build #109282, 13 lanes saved
07:04:26 cancel #109282: https://api.buildkite.com/v2/organizations/bun/pipelines/bun/builds/109282/cancel: 403 {"message":"Your access token doesn't have the write_builds scope"}

07:04:30 run 25/40 ours: pushed 201d1fa0
07:11:56 run 25 ours: build #109283, 13 lanes saved
07:11:56 cancel #109283: https://api.buildkite.com/v2/organizations/bun/pipelines/bun/builds/109283/cancel: 403 {"message":"Your access token doesn't have the write_builds scope"}

07:12:00 run 26/40 stock: pushed e6002697
07:20:26 run 26 stock: build #109286, 13 lanes saved
07:20:26 cancel #109286: https://api.buildkite.com/v2/organizations/bun/pipelines/bun/builds/109286/cancel: 403 {"message":"Your access token doesn't have the write_builds scope"}

07:20:30 run 27/40 ours: pushed a3131026
07:27:56 run 27 ours: build #109287, 13 lanes saved
07:27:56 cancel #109287: https://api.buildkite.com/v2/organizations/bun/pipelines/bun/builds/109287/cancel: 403 {"message":"Your access token doesn't have the write_builds scope"}

07:28:00 run 28/40 stock: pushed 07aee069
07:36:26 run 28 stock: build #109288, 13 lanes saved
07:36:26 cancel #109288: https://api.buildkite.com/v2/organizations/bun/pipelines/bun/builds/109288/cancel: 403 {"message":"Your access token doesn't have the write_builds scope"}

07:36:31 run 29/40 ours: pushed fcb46f9b
07:43:57 run 29 ours: build #109289, 13 lanes saved
07:43:57 cancel #109289: https://api.buildkite.com/v2/organizations/bun/pipelines/bun/builds/109289/cancel: 403 {"message":"Your access token doesn't have the write_builds scope"}

07:44:01 run 30/40 stock: pushed 2b14811b
07:52:27 run 30 stock: build #109290, 13 lanes saved
07:52:27 cancel #109290: https://api.buildkite.com/v2/organizations/bun/pipelines/bun/builds/109290/cancel: 403 {"message":"Your access token doesn't have the write_builds scope"}

07:52:32 run 31/40 ours: pushed ecd24d75
08:00:58 run 31 ours: build #109291, 13 lanes saved
08:00:58 cancel #109291: https://api.buildkite.com/v2/organizations/bun/pipelines/bun/builds/109291/cancel: 403 {"message":"Your access token doesn't have the write_builds scope"}

08:01:02 run 32/40 stock: pushed ff871f2a
08:09:29 run 32 stock: build #109293, 13 lanes saved
08:09:29 cancel #109293: https://api.buildkite.com/v2/organizations/bun/pipelines/bun/builds/109293/cancel: 403 {"message":"Your access token doesn't have the write_builds scope"}

08:09:33 run 33/40 ours: pushed f3df1b90
08:18:00 run 33 ours: build #109296, 13 lanes saved
08:18:00 cancel #109296: https://api.buildkite.com/v2/organizations/bun/pipelines/bun/builds/109296/cancel: 403 {"message":"Your access token doesn't have the write_builds scope"}

08:18:03 run 34/40 stock: pushed a6cceaa8
08:26:29 run 34 stock: build #109298, 13 lanes saved
08:26:29 cancel #109298: https://api.buildkite.com/v2/organizations/bun/pipelines/bun/builds/109298/cancel: 403 {"message":"Your access token doesn't have the write_builds scope"}

08:26:33 run 35/40 ours: pushed 94116a55
08:35:00 run 35 ours: build #109301, 13 lanes saved
08:35:00 cancel #109301: https://api.buildkite.com/v2/organizations/bun/pipelines/bun/builds/109301/cancel: 403 {"message":"Your access token doesn't have the write_builds scope"}

08:35:04 run 36/40 stock: pushed 476db951
08:42:29 run 36 stock: build #109303, 13 lanes saved
08:42:29 cancel #109303: https://api.buildkite.com/v2/organizations/bun/pipelines/bun/builds/109303/cancel: 403 {"message":"Your access token doesn't have the write_builds scope"}

08:42:33 run 37/40 ours: pushed 098b94ae
08:50:59 run 37 ours: build #109306, 13 lanes saved
08:50:59 cancel #109306: https://api.buildkite.com/v2/organizations/bun/pipelines/bun/builds/109306/cancel: 403 {"message":"Your access token doesn't have the write_builds scope"}

08:51:03 run 38/40 stock: pushed 8ca92d57
08:59:29 run 38 stock: build #109309, 13 lanes saved
08:59:29 cancel #109309: https://api.buildkite.com/v2/organizations/bun/pipelines/bun/builds/109309/cancel: 403 {"message":"Your access token doesn't have the write_builds scope"}

08:59:33 run 39/40 ours: pushed 3068be40
09:06:59 run 39 ours: build #109311, 13 lanes saved
09:06:59 cancel #109311: https://api.buildkite.com/v2/organizations/bun/pipelines/bun/builds/109311/cancel: 403 {"message":"Your access token doesn't have the write_builds scope"}

09:07:03 run 40/40 stock: pushed 1325d740
09:15:29 run 40 stock: build #109312, 13 lanes saved
09:15:29 cancel #109312: https://api.buildkite.com/v2/organizations/bun/pipelines/bun/builds/109312/cancel: 403 {"message":"Your access token doesn't have the write_builds scope"}

09:15:29 all runs done
